DuplicateTypeAnnotation.java:32:38: compiler.err.duplicate.annotation
1 error
