InvalidLocation.java:32:33: compiler.err.annotation.type.not.applicable
1 error
