AccessTest.java:21: error: malformed HTML
     * public a < b
                ^
1 error

