- compiler.warn.source.no.bootclasspath: 1.8
Neg09.java:17:34: compiler.err.cant.apply.diamond.1: Neg09.Member<X>, (compiler.misc.diamond.and.anon.class.not.supported.in.source: 1.8)
Neg09.java:18:34: compiler.err.cant.apply.diamond.1: Neg09.Nested<X>, (compiler.misc.diamond.and.anon.class.not.supported.in.source: 1.8)
Neg09.java:22:39: compiler.err.cant.apply.diamond.1: Neg09.Member<X>, (compiler.misc.diamond.and.anon.class.not.supported.in.source: 1.8)
Neg09.java:23:40: compiler.err.cant.apply.diamond.1: Neg09.Nested<X>, (compiler.misc.diamond.and.anon.class.not.supported.in.source: 1.8)
4 errors
1 warning
