MissingGT.java:11: error: malformed HTML
 * <img src="image.gif"
   ^
1 error
