T6207386.java:13:30: compiler.err.prob.found.req: X, T6207386.F<? super X>
1 error
