TypeError: Cannot call "func" that has undefined value
TypeError: Cannot call "foo" that has undefined value
TypeError: Cannot call "func" that has undefined value
