DuplicateTypeAnnotation.java:9:35: compiler.err.duplicate.annotation.missing.container: A, java.lang.annotation.Repeatable
DuplicateTypeAnnotation.java:9:38: compiler.err.duplicate.annotation.missing.container: A, java.lang.annotation.Repeatable
2 errors