java.security.AccessControlException: access denied ("java.lang.RuntimePermission" "accessDeclaredMembers")
