DuplicateAnnotationValue.java:10:45: compiler.err.duplicate.annotation.member.value: value, A
1 error
