InvalidLocation.java:34:23: compiler.err.annotation.type.not.applicable
1 error
