T6864382.java:32:27: compiler.err.type.found.req: (compiler.misc.type.parameter: T), (compiler.misc.type.req.class)
1 error
