TestMultipleErrors.java:42:8: compiler.err.proc.messager: error1
TestMultipleErrors.java:42:8: compiler.err.proc.messager: error2
TestMultipleErrors.java:42:8: compiler.err.proc.messager: error3
TestMultipleErrors.java:42:8: compiler.err.proc.messager: error4
4 errors
