AbstractClass_neg.java:16:17: compiler.err.prob.found.req: (compiler.misc.not.a.functional.intf)
1 error
