DuplicateResourceDecl.java:12:56: compiler.err.already.defined: c, main(java.lang.String[])
1 error
