ImplicitFinal.java:14:13: compiler.err.try.resource.may.not.be.assigned: r
1 error
