EffectivelyFinalTest.java:46:47: compiler.err.var.might.not.have.been.initialized: y
EffectivelyFinalTest.java:34:45: compiler.err.local.var.accessed.from.icls.needs.final: x
EffectivelyFinalTest.java:34:47: compiler.err.local.var.accessed.from.icls.needs.final: y
EffectivelyFinalTest.java:40:45: compiler.err.local.var.accessed.from.icls.needs.final: x
EffectivelyFinalTest.java:40:47: compiler.err.local.var.accessed.from.icls.needs.final: y
EffectivelyFinalTest.java:46:45: compiler.err.local.var.accessed.from.icls.needs.final: x
EffectivelyFinalTest.java:53:45: compiler.err.local.var.accessed.from.icls.needs.final: x
EffectivelyFinalTest.java:53:47: compiler.err.local.var.accessed.from.icls.needs.final: y
EffectivelyFinalTest.java:60:45: compiler.err.local.var.accessed.from.icls.needs.final: x
EffectivelyFinalTest.java:60:47: compiler.err.local.var.accessed.from.icls.needs.final: y
EffectivelyFinalTest.java:64:45: compiler.err.local.var.accessed.from.icls.needs.final: x
EffectivelyFinalTest.java:69:45: compiler.err.local.var.accessed.from.icls.needs.final: x
EffectivelyFinalTest.java:74:45: compiler.err.local.var.accessed.from.icls.needs.final: y
13 errors
