SupplementaryJavaID2.java:12:14: compiler.err.illegal.char: \ud801
SupplementaryJavaID2.java:12:24: compiler.err.expected: token.identifier
2 errors
