Unmappable.java:12:18: compiler.err.illegal.char.for.encoding: ascii
1 error
