InvalidLocation.java:33:17: compiler.err.annotation.type.not.applicable
1 error
