DuplicateTypeAnnotation.java:34:32: compiler.err.duplicate.annotation
1 error
