InvalidLocation.java:34:29: compiler.err.annotation.type.not.applicable
1 error
