MissingAnnotationValue.java:33:29: compiler.err.annotation.missing.default.value: A, field
1 error
