T6404756.java:10:34: compiler.warn.has.been.deprecated: foo, Foo
- compiler.err.warnings.and.werror
1 error
1 warning
