Neg06.java:14:16: compiler.err.prob.found.req: java.lang.String, java.lang.Throwable
Neg06.java:14:25: compiler.err.prob.found.req: java.lang.Integer, java.lang.Throwable
2 errors
