T6932571neg.java:39:19: compiler.err.prob.found.req.1: (compiler.misc.inconvertible.types: T6932571neg.S, G)
1 error
